// Jest Snapshot v1, https://goo.gl/fbAQLP

exports[`home Snapshot home 1`] = `"<div><img class=\\"desktop-img\\" src=\\"img/homeDesktop.png\\"><div class=\\"structure\\"><img class=\\"petspace-logo\\" id=\\"petspaceLogo\\" src=\\"img/PetSpaceLogo.png\\"><section class=\\"reg-box\\"><p>Crea un usuario y contraseña</p><form id=\\"registrationForm\\" action=\\"submit\\"><input placeholder=\\"Nombre\\" id=\\"regName\\"><input placeholder=\\"Correo electrónico\\" id=\\"regEmail\\"><input type=\\"password\\" placeholder=\\"Contraseña\\" id=\\"regPW\\"><p id=\\"regMessage\\"></p><button id=\\"seePasswordReg\\"><i class=\\"fas fa-eye\\"></i></button><button class=\\"register-button\\" type=\\"button\\" id=\\"regBtn\\">Regístrate</button></form><p>o regístrate con:</p><img src=\\"img/facebook.png\\" class=\\"facebook-logo\\"><img src=\\"img/google.png\\" class=\\"gmail-logo\\"></section><button class=\\"return-button\\" id=\\"returnButton\\">Regresa al inicio</button></div></div>"`;
